Proof summary for theory fibo

	thm_somme.......................................................✅ proved              (0.526 s)
	thm_sommecarre..................................................✅ proved              (0.676 s)
	thm_fibo........................................................✅ proved              (1.096 s)
	thm_fibo_app1...................................................✅ proved              (0.467 s)
	thm_fibo_app2...................................................✅ proved              (0.765 s)
	thm_fibo_app3...................................................✅ proved              (0.575 s)
	thm_fibo_app3bis................................................✅ proved              (0.532 s)
	somme_TCC1......................................................✅ proved              (0.314 s)
	somme_TCC2......................................................✅ proved              (0.339 s)
	fib_TCC1........................................................✅ proved              (0.355 s)
	fib_TCC2........................................................✅ proved              (0.298 s)
	thm_fibo_TCC1...................................................✅ proved              (0.361 s)
	thm_fibo_TCC2...................................................✅ proved              (0.358 s)
	thm_fibo_app1_TCC1..............................................✅ proved              (0.351 s)
	thm_fibo_app2_TCC1..............................................✅ proved              (0.348 s)

Theory fibo totals: 15 formulas, 15 attempted, 15 succeeded (7.361 s)