Proof summary for theory tp_4

	thm0............................................................✅ proved              (0.384 s)
	thm1_2..........................................................✅ proved              (0.565 s)
	thm1_3..........................................................✅ proved              (0.527 s)
	thm1_4..........................................................❗ unfinished          (0.493 s)
	thm1_5..........................................................✅ proved              (0.532 s)
	thm2_2..........................................................✅ proved              (0.608 s)
	thm2_3..........................................................✅ proved              (0.604 s)
	thm2_4..........................................................✅ proved              (0.524 s)
	thm2_5..........................................................✅ proved              (0.669 s)
	fusion_TCC1.....................................................✅ proved              (0.351 s)
	fusion_TCC2.....................................................✅ proved              (0.39 s)
	thm0_TCC1.......................................................❗ unfinished          (0.35 s)
	thm0_TCC2.......................................................❗ unfinished          (0.359 s)
	thm1_4_TCC1.....................................................❗ unfinished          (0.385 s)

Theory tp_4 totals: 14 formulas, 14 attempted, 10 succeeded (6.741 s)